npm warn Unknown env config "http-proxy". This will stop working in the next major version of npm.

> voxel-strike@1.0.0 check:integration
> node scripts/check-match-fixes.mjs && node scripts/check-imported-weapons.mjs && node scripts/check-collection.mjs && node scripts/check-map-movement.mjs && node scripts/check-tactical-abilities.mjs && node scripts/check-bot-navigation.mjs && node scripts/check-bot-gameplay.mjs

THREE.WebGLRenderer: Error creating WebGL context.
PASS real main-module integration: pistol round and swap, 800 credits, duplicate guards, refunds and replacement, live refund lock, scoped hold multi-pointer single shot, cancel/switch/pause/reset no shot, gear survival/death, teammate spectator switching. DOM/Canvas mocked.
THREE.WebGLRenderer: Error creating WebGL context.
PASS real main-module integration: all five native weapons load, source hand geometry is visible, native draw/inspect/slash/stab/shoot/reload, pause/resume, ammo completion, switching to standard pistol, and stale asynchronous load cancellation. DOM/Canvas mocked.
THREE.WebGLRenderer: Error creating WebGL context.
GitHub 皮肤加载失败 Error: GitHub HTTP 503
    at fetchWeaponAsset (file:///workspace/scratch/2cec8d8cb4c8/minival-ai-work/dist/weapon-assets.js?v=20261005-ai-packs1:21:26)
    at process.processTicksAndRejections (node:internal/process/task_queues:104:5)
    at async loadGoldSrc (file:///workspace/scratch/2cec8d8cb4c8/minival-ai-work/dist/goldsrc-model.js?v=20261005-ai-packs1:63:13)
    at async file:///workspace/scratch/2cec8d8cb4c8/minival-ai-work/scripts/check-collection.mjs:39:84
PASS real collection integration: all supplied native families enter gameplay, real equip/lobby/pistol/shop/knife route, GitHub failure and same-match retry without ammo loss or fire lock, inspect/fire/attack/reload; VCT team preview vs equip, per-gun saved skins; phone, landscape, tablet and desktop model framing; action/model switch restores hands. DOM/Canvas and viewport rectangles mocked; no real-device or browser visual claim.
PASS physical routes ascent
PASS physical routes breeze
PASS physical routes sunset
PASS physical routes pearl
PASS physical routes lotus
PASS physical routes fracture
PASS 130 routes using the game movement collision and exact BSP floor heights
THREE.WebGLRenderer: Error creating WebGL context.
PASS actual game integration: seven agents and 28 ability selections/casts, cancellation and menu cleanup, two-pointer arrow charging, pistol-round skill purchase/refund. DOM/canvas mock; no visual fidelity claim.
PASS bot route following ascent
PASS bot route following breeze
PASS bot route following sunset
PASS bot route following pearl
PASS bot route following lotus
PASS bot route following fracture
PASS 130 actual formation routes at 30/60/144 FPS, including four spawn-circling regressions
THREE.WebGLRenderer: Error creating WebGL context.
PASS actual updateBots ascent
PASS actual updateBots breeze
PASS actual updateBots sunset
PASS actual updateBots pearl
PASS actual updateBots lotus
PASS actual updateBots fracture
PASS 108 real game route scenarios plus perception/occlusion, hearing, finite ammo/reload, real healing, coordinated defuse and resets; DOM/canvas mocked
